==== grand 5h sweep Thu Jun 25 19:54:09 UTC 2026 ====
git: bbf84e8  rows: 2048  sections: P3
## P3 chain LX-residency: untiled vs tiled K=8 (LX on)
IO -- device-layout I/O (cost model, stick-padded) --
IO   op add
IO     output op0                    torch [2048, 4096] -> device [64, 2048, 64] in LX = 8388608 elems x 2B = 16777216 B  (hbm counted: 0 B)
IO     input  arg0_1                 torch [2048, 4096] -> device [64, 2048, 64] in HBM = 8388608 elems x 2B = 16777216 B  (hbm counted: 16777216 B)
IO     input  arg1_1                 torch [2048, 4096] -> device [64, 2048, 64] in HBM = 8388608 elems x 2B = 16777216 B  (hbm counted: 16777216 B)
IO   op mul
IO     output op1                    torch [2048, 4096] -> device [64, 2048, 64] in HBM = 8388608 elems x 2B = 16777216 B  (hbm counted: 16777216 B)
IO     input  buf0                   torch [2048, 4096] -> device [64, 2048, 64] in LX = 8388608 elems x 2B = 16777216 B  (hbm counted: 0 B)
IO     input  arg2_1                 torch [2048, 4096] -> device [64, 2048, 64] in HBM = 8388608 elems x 2B = 16777216 B  (hbm counted: 16777216 B)
IO   => HBM I/O total = 67108864 B  (lx 33554432 B, ~free)
MODEL -- estimate (turnaround): T = (R+W)/BW_PEAK + a*min(R,W) --
MODEL   R=50331648 B (read)   W=16777216 B (write)   loop_trip L=1
MODEL   base = (R+W)/BW_PEAK = (50331648+16777216)/150 = 447.39 us
MODEL   turn = a*min(R,W) = 0.00574*16777216 = 96.30 us
MODEL   => T_model = 543.69 us
SUMMARY op=chain rows=2048 cols=4096 cores=- tiles=1 lx=1 io_hbm_bytes=67108864 kernel_us=584.415 pred_us=543.694 err_pct=-7.0 bw_gbps=114.8 memset_us=213.900 other_dev_us=896.531 total_dev_us=1694.846
IO -- device-layout I/O (cost model, stick-padded) --
IO   op add
IO     output op0                    torch [256, 4096] -> device [64, 256, 64] in LX = 1048576 elems x 2B = 2097152 B  (hbm counted: 0 B)
IO     input  arg0_1                 torch [2048, 4096] -> device [64, 2048, 64] in HBM = 8388608 elems x 2B = 16777216 B  (hbm counted: 16777216 B)
IO     input  arg1_1                 torch [2048, 4096] -> device [64, 2048, 64] in HBM = 8388608 elems x 2B = 16777216 B  (hbm counted: 16777216 B)
IO   op mul
IO     output op1                    torch [2048, 4096] -> device [2048, 4096] in HBM = 8388608 elems x 2B = 16777216 B  (hbm counted: 16777216 B)
IO     input  buf0                   torch [256, 4096] -> device [64, 256, 64] in LX = 1048576 elems x 2B = 2097152 B  (hbm counted: 0 B)
IO     input  arg2_1                 torch [2048, 4096] -> device [64, 2048, 64] in HBM = 8388608 elems x 2B = 16777216 B  (hbm counted: 16777216 B)
IO   => HBM I/O total = 67108864 B  (lx 4194304 B, ~free)
MODEL -- estimate (turnaround): T = (R+W)/BW_PEAK + a*min(R,W) + c_loop*L --
MODEL   R=50331648 B (read)   W=16777216 B (write)   loop_trip L=8
MODEL   base = (R+W)/BW_PEAK = (50331648+16777216)/150 = 447.39 us
MODEL   turn = a*min(R,W) = 0.00574*16777216 = 96.30 us
MODEL   loop = c_loop*L = 860.0*8 = 6.88 us
MODEL   => T_model = 550.57 us
SUMMARY op=chain rows=2048 cols=4096 cores=- tiles=8 lx=1 io_hbm_bytes=67108864 kernel_us=780.598 pred_us=550.574 err_pct=-29.5 bw_gbps=86.0 memset_us=268.856 other_dev_us=1040.411 total_dev_us=2089.865
